// Jest Snapshot v1, https://goo.gl/fbAQLP

exports[`App component when the input value is changed updates the noResultsComponent on AsyncList 1`] = `
<span>
  No results found for "
  foo
  "
</span>
`;
